src/contexts/AuthContext.tsx(4,10): error TS2305: Module '"@/services/api"' has no exported member 'API_BASE_URL'.
src/data/mockData.ts(26,5): error TS2739: Type '{ id: string; name: string; email: string; role: string; authTier: number; isUaePassVerified: true; gccScore: number; bio: string; avatar: string; phone: string; has_gcc: true; isPremium: true; keywords: string[]; compliance: { ...; }; created_at: string; updated_at: string; }' is missing the following properties from type 'User': type, auth_method, isIdVerified, is_verified
src/data/mockData.ts(44,5): error TS2739: Type '{ id: string; name: string; email: string; role: string; authTier: number; isUaePassVerified: true; gccScore: number; bio: string; avatar: string; phone: string; has_gcc: true; isPremium: false; keywords: string[]; compliance: { ...; }; created_at: string; updated_at: string; }' is missing the following properties from type 'User': type, auth_method, isIdVerified, is_verified
src/data/mockData.ts(62,5): error TS2739: Type '{ id: string; name: string; email: string; role: string; authTier: number; isUaePassVerified: true; gccScore: number; bio: string; avatar: string; phone: string; has_gcc: true; isPremium: true; keywords: string[]; compliance: { ...; }; created_at: string; updated_at: string; }' is missing the following properties from type 'User': type, auth_method, isIdVerified, is_verified
src/data/mockData.ts(80,5): error TS2739: Type '{ id: string; name: string; email: string; role: string; authTier: number; isUaePassVerified: false; gccScore: number; bio: string; avatar: string; phone: string; has_gcc: false; isPremium: false; keywords: string[]; compliance: { ...; }; created_at: string; updated_at: string; }' is missing the following properties from type 'User': type, auth_method, isIdVerified, is_verified
src/data/mockData.ts(98,5): error TS2739: Type '{ id: string; name: string; email: string; role: string; authTier: number; isUaePassVerified: true; bio: string; rera_license: string; agency_name: string; avatar: string; phone: string; has_gcc: false; ... 5 more ...; updated_at: string; }' is missing the following properties from type 'User': type, auth_method, isIdVerified, is_verified
src/data/mockData.ts(118,5): error TS2739: Type '{ id: string; name: string; email: string; role: string; authTier: number; isUaePassVerified: true; bio: string; rera_license: string; agency_name: string; avatar: string; phone: string; has_gcc: false; ... 5 more ...; updated_at: string; }' is missing the following properties from type 'User': type, auth_method, isIdVerified, is_verified
src/data/mockData.ts(138,5): error TS2739: Type '{ id: string; name: string; email: string; role: string; authTier: number; isUaePassVerified: true; bio: string; rera_license: string; agency_name: string; avatar: string; phone: string; has_gcc: false; ... 5 more ...; updated_at: string; }' is missing the following properties from type 'User': type, auth_method, isIdVerified, is_verified
src/data/mockData.ts(158,5): error TS2739: Type '{ id: string; name: string; email: string; role: string; authTier: number; isUaePassVerified: true; gccScore: number; bio: string; keywords: string[]; avatar: string; phone: string; has_gcc: true; isPremium: true; compliance: { ...; }; created_at: string; updated_at: string; }' is missing the following properties from type 'User': type, auth_method, isIdVerified, is_verified
src/data/mockData.ts(176,5): error TS2739: Type '{ id: string; name: string; email: string; role: string; authTier: number; isUaePassVerified: true; gccScore: number; bio: string; keywords: string[]; avatar: string; phone: string; has_gcc: true; isPremium: false; compliance: { ...; }; created_at: string; updated_at: string; }' is missing the following properties from type 'User': type, auth_method, isIdVerified, is_verified
src/data/mockData.ts(206,9): error TS2353: Object literal may only specify known properties, and 'status' does not exist in type 'User'.
src/data/mockData.ts(213,5): error TS2739: Type '{ id: string; name: string; email: string; role: string; authTier: number; isUaePassVerified: true; gccScore: number; bio: string; keywords: string[]; avatar: string; phone: string; has_gcc: true; isPremium: false; compliance: { ...; }; created_at: string; updated_at: string; }' is missing the following properties from type 'User': type, auth_method, isIdVerified, is_verified
src/data/mockData.ts(231,5): error TS2739: Type '{ id: string; name: string; email: string; role: string; authTier: number; isUaePassVerified: true; gccScore: number; bio: string; keywords: string[]; avatar: string; phone: string; has_gcc: true; isPremium: true; compliance: { ...; }; created_at: string; updated_at: string; }' is missing the following properties from type 'User': type, auth_method, isIdVerified, is_verified
src/data/mockData.ts(249,5): error TS2739: Type '{ id: string; name: string; email: string; role: string; authTier: number; isUaePassVerified: false; gccScore: number; bio: string; keywords: string[]; avatar: string; phone: string; has_gcc: false; compliance: { ...; }; created_at: string; updated_at: string; isPremium: false; }' is missing the following properties from type 'User': type, auth_method, isIdVerified, is_verified
src/data/mockData.ts(273,5): error TS2739: Type '{ id: string; title: string; description: string; landlord_id: string; letting_agent_id: string; rent_per_room: number; deposit: number; address: string; district: string; makaniNumber: string; ... 12 more ...; updated_at: string; }' is missing the following properties from type 'Listing': total_rooms, tags, trakheesiPermit, municipalityPermit, rera_escrow_verified
src/data/mockData.ts(303,5): error TS2739: Type '{ id: string; title: string; description: string; landlord_id: string; letting_agent_id: string; rent_per_room: number; deposit: number; address: string; district: string; makaniNumber: string; ... 12 more ...; updated_at: string; }' is missing the following properties from type 'Listing': total_rooms, tags, trakheesiPermit, municipalityPermit, rera_escrow_verified
src/data/mockData.ts(332,5): error TS2739: Type '{ id: string; title: string; description: string; landlord_id: string; letting_agent_id: string; rent_per_room: number; deposit: number; address: string; district: string; makaniNumber: string; ... 12 more ...; updated_at: string; }' is missing the following properties from type 'Listing': total_rooms, tags, trakheesiPermit, municipalityPermit, rera_escrow_verified
src/data/mockData.ts(361,5): error TS2739: Type '{ id: string; title: string; description: string; landlord_id: string; letting_agent_id: string; rent_per_room: number; deposit: number; address: string; district: string; makaniNumber: string; ... 12 more ...; updated_at: string; }' is missing the following properties from type 'Listing': total_rooms, tags, trakheesiPermit, municipalityPermit, rera_escrow_verified
src/data/mockData.ts(389,5): error TS2739: Type '{ id: string; title: string; description: string; landlord_id: string; letting_agent_id: string; rent_per_room: number; deposit: number; address: string; district: string; makaniNumber: string; ... 12 more ...; updated_at: string; }' is missing the following properties from type 'Listing': total_rooms, tags, trakheesiPermit, municipalityPermit, rera_escrow_verified
