src/contexts/AuthContext.tsx(4,10): error TS2305: Module '"@/services/api"' has no exported member 'API_BASE_URL'.
src/pages/CompliancePage.tsx(11,90): error TS2345: Argument of type 'string | undefined' is not assignable to parameter of type 'string'.
  Type 'undefined' is not assignable to type 'string'.
src/pages/CompliancePage.tsx(45,208): error TS18048: 'u.type' is possibly 'undefined'.
src/pages/LoginPage.tsx(174,102): error TS18048: 'user.type' is possibly 'undefined'.
